// Jest Snapshot v1, https://goo.gl/fbAQLP

exports[`Connect component to redux store  Shop Component should render correctly 1`] = `
<div>
  <form
    autoComplete="off"
    className="makeStyles-root-1"
    noValidate={true}
  >
    <div>
      <div
        className="MuiGrid-root MuiGrid-container MuiGrid-align-content-xs-center"
      >
        <div
          className="MuiFormControl-root MuiTextField-root"
        >
          <label
            className="MuiFormLabel-root MuiInputLabel-root MuiInputLabel-formControl MuiInputLabel-animated MuiInputLabel-outlined"
            data-shrink={false}
            htmlFor="outlined-search"
            id="outlined-search-label"
          >
            Search item
          </label>
          <div
            className="MuiInputBase-root MuiOutlinedInput-root MuiInputBase-formControl"
            onClick={[Function]}
          >
            <input
              aria-invalid={false}
              autoFocus={false}
              className="MuiInputBase-input MuiOutlinedInput-input MuiInputBase-inputTypeSearch"
              disabled={false}
              id="outlined-search"
              name="search"
              onAnimationStart={[Function]}
              onBlur={[Function]}
              onChange={[Function]}
              onFocus={[Function]}
              placeholder="Enter Id "
              required={false}
              type="search"
            />
            <fieldset
              aria-hidden={true}
              className="PrivateNotchedOutline-root-3 MuiOutlinedInput-notchedOutline"
            >
              <legend
                className="PrivateNotchedOutline-legendLabelled-5"
              >
                <span>
                  Search item
                </span>
              </legend>
            </fieldset>
          </div>
        </div>
        <button
          className="MuiButtonBase-root MuiButton-root MuiButton-outlined makeStyles-button-2"
          disabled={false}
          onBlur={[Function]}
          onClick={[Function]}
          onDragLeave={[Function]}
          onFocus={[Function]}
          onKeyDown={[Function]}
          onKeyUp={[Function]}
          onMouseDown={[Function]}
          onMouseLeave={[Function]}
          onMouseUp={[Function]}
          onTouchEnd={[Function]}
          onTouchMove={[Function]}
          onTouchStart={[Function]}
          tabIndex={0}
          type="submit"
        >
          <span
            className="MuiButton-label"
          >
            Search
          </span>
        </button>
      </div>
      <h6
        className="MuiTypography-root MuiTypography-h6 MuiTypography-alignCenter"
      >
        
      </h6>
    </div>
  </form>
  <div
    className="MuiGrid-root MuiGrid-container"
  >
    <div
      className="MuiGrid-root MuiGrid-item MuiGrid-grid-xs-12 MuiGrid-grid-sm-4"
    >
      <div
        className="MuiGrid-root MuiGrid-container MuiGrid-align-items-xs-center MuiGrid-justify-xs-space-around"
      >
        <div
          className="MuiPaper-root MuiCard-root makeStyles-root-7 MuiPaper-elevation1 MuiPaper-rounded"
        >
          <div
            className="MuiCardHeader-root"
          >
            <div
              className="MuiCardHeader-content"
            >
              <span
                className="MuiTypography-root MuiCardHeader-title MuiTypography-h5 MuiTypography-displayBlock"
              >
                Test
              </span>
              <span
                className="MuiTypography-root MuiCardHeader-subheader MuiTypography-body1 MuiTypography-colorTextSecondary MuiTypography-displayBlock"
              >
                1 green_$
              </span>
            </div>
          </div>
          <div
            className="MuiCardMedia-root makeStyles-img-8"
            style={
              Object {
                "backgroundImage": "url(\\"Test\\")",
              }
            }
          />
          <div
            className="MuiCardActions-root MuiCardActions-spacing"
          >
            <button
              className="MuiButtonBase-root MuiButton-root MuiButton-text makeStyles-button-9 MuiButton-textSizeSmall MuiButton-sizeSmall"
              disabled={false}
              onBlur={[Function]}
              onClick={[Function]}
              onDragLeave={[Function]}
              onFocus={[Function]}
              onKeyDown={[Function]}
              onKeyUp={[Function]}
              onMouseDown={[Function]}
              onMouseLeave={[Function]}
              onMouseUp={[Function]}
              onTouchEnd={[Function]}
              onTouchMove={[Function]}
              onTouchStart={[Function]}
              tabIndex={0}
              type="button"
            >
              <span
                className="MuiButton-label"
              >
                BUY NOW
              </span>
            </button>
          </div>
          <div
            className="MuiCardContent-root"
          >
            <p
              className="MuiTypography-root MuiTypography-body1"
            >
              Test
            </p>
          </div>
        </div>
      </div>
    </div>
  </div>
</div>
`;
