// Jest Snapshot v1, https://goo.gl/fbAQLP

exports[`LoginComponent to redux store  Should render correctly 1`] = `
<div>
  <h4
    className="MuiTypography-root MuiTypography-h4 MuiTypography-alignCenter"
    style={
      Object {
        "marginTop": "120px",
      }
    }
  >
    Welcome to the coolest web shop on the planet earth!
  </h4>
  <h6
    className="MuiTypography-root MuiTypography-h6 MuiTypography-alignCenter"
  >
    To enjoy all its benefits please log in!
  </h6>
  <p
    className="MuiTypography-root MuiTypography-body1 MuiTypography-alignCenter"
  >
    <button
      className="MuiButtonBase-root MuiButton-root MuiButton-outlined makeStyles-button-1"
      disabled={false}
      onBlur={[Function]}
      onClick={[Function]}
      onDragLeave={[Function]}
      onFocus={[Function]}
      onKeyDown={[Function]}
      onKeyUp={[Function]}
      onMouseDown={[Function]}
      onMouseLeave={[Function]}
      onMouseUp={[Function]}
      onTouchEnd={[Function]}
      onTouchMove={[Function]}
      onTouchStart={[Function]}
      tabIndex={0}
      type="button"
    >
      <span
        className="MuiButton-label"
      >
        Login
      </span>
    </button>
  </p>
</div>
`;
