// Jest Snapshot v1, https://goo.gl/fbAQLP

exports[`Connect component to redux store  Should render correctly 1`] = `
<div
  className="MuiGrid-root MuiGrid-container"
>
  <div
    className="MuiGrid-root MuiGrid-item MuiGrid-grid-xs-12 MuiGrid-grid-sm-4"
  >
    <div
      className="MuiGrid-root MuiGrid-container MuiGrid-align-items-xs-center MuiGrid-justify-xs-space-around"
    >
      <div
        className="MuiPaper-root MuiCard-root makeStyles-root-1 MuiPaper-elevation1 MuiPaper-rounded"
      >
        <div
          className="MuiCardHeader-root"
        >
          <div
            className="MuiCardHeader-content"
          >
            <span
              className="MuiTypography-root MuiCardHeader-title MuiTypography-h5 MuiTypography-displayBlock"
            >
              Test
            </span>
            <span
              className="MuiTypography-root MuiCardHeader-subheader MuiTypography-body1 MuiTypography-colorTextSecondary MuiTypography-displayBlock"
            >
              1 green_$
            </span>
          </div>
        </div>
        <div
          className="MuiCardMedia-root makeStyles-img-2"
          style={
            Object {
              "backgroundImage": "url(\\"Test\\")",
            }
          }
        />
        <div
          className="MuiCardActions-root MuiCardActions-spacing"
        >
          <button
            className="MuiButtonBase-root MuiButton-root MuiButton-text makeStyles-button-3 MuiButton-textSizeSmall MuiButton-sizeSmall"
            disabled={false}
            onBlur={[Function]}
            onClick={[Function]}
            onDragLeave={[Function]}
            onFocus={[Function]}
            onKeyDown={[Function]}
            onKeyUp={[Function]}
            onMouseDown={[Function]}
            onMouseLeave={[Function]}
            onMouseUp={[Function]}
            onTouchEnd={[Function]}
            onTouchMove={[Function]}
            onTouchStart={[Function]}
            tabIndex={0}
            type="button"
          >
            <span
              className="MuiButton-label"
            >
              BUY NOW
            </span>
          </button>
        </div>
        <div
          className="MuiCardContent-root"
        >
          <p
            className="MuiTypography-root MuiTypography-body1"
          >
            Test
          </p>
        </div>
      </div>
    </div>
  </div>
</div>
`;
